user@sd-dvm:~$ cd securedrop-workstation/
user@sd-dvm:~/securedrop-workstation$ git checkout 0.9.0-rc2
Note: switching to '0.9.0-rc2'.

You are in 'detached HEAD' state. You can look around, make experimental
changes and commit them, and you can discard any commits you make in this
state without impacting any branches by switching back to a branch.

If you want to create a new branch to retain commits you create, you may
do so (now or later) by using -c with the switch command. Example:

  git switch -c <new-branch-name>

Or undo this operation with:

  git switch -

Turn off this advice by setting config variable advice.detachedHead to false

HEAD is now at 8ad36b2 Merge pull request #925 from freedomofpress/backport-924
user@sd-dvm:~/securedrop-workstation$ git log -1
commit 8ad36b2f0f341112ad45839e757d3cdb02ac203e (HEAD, tag: 0.9.0-rc2, origin/release/0.9.0)
Merge: bf9db79 08f0c0f
Author: Kevin O'Gorman <kog@freedom.press>
Date:   Tue Nov 28 15:00:58 2023 -0500

    Merge pull request #925 from freedomofpress/backport-924
    
    [0.9.0] backport build container dev deps removal
user@sd-dvm:~/securedrop-workstation$ git verify-commit 8ad36b2f0f341112ad45839e757d3cdb02ac203e
gpg: Signature made Tue Nov 28 15:00:58 2023 EST
gpg:                using RSA key 4AEE18F83AFDEB23
gpg: Good signature from "GitHub (web-flow commit signing) <noreply@github.com>" [unknown]
gpg: WARNING: This key is not certified with a trusted signature!
gpg:          There is no indication that the signature belongs to the owner.
Primary key fingerprint: 5DE3 E050 9C47 EA3C F04A  42D3 4AEE 18F8 3AFD EB23
user@sd-dvm:~/securedrop-workstation$ git log -2
commit 8ad36b2f0f341112ad45839e757d3cdb02ac203e (HEAD, tag: 0.9.0-rc2, origin/release/0.9.0)
Merge: bf9db79 08f0c0f
Author: Kevin O'Gorman <kog@freedom.press>
Date:   Tue Nov 28 15:00:58 2023 -0500

    Merge pull request #925 from freedomofpress/backport-924
    
    [0.9.0] backport build container dev deps removal

commit 08f0c0fd9d6c6490d94df35145d0d9c60c14ca64
Author: Kunal Mehta <legoktm@debian.org>
Date:   Tue Nov 28 12:56:46 2023 -0500

    Don't install dev deps in the RPM build container
    
    The RPM build container needs to be highly trustworthy, so it should
    only contain things from Fedora itself and any audited code. We don't
    audit development dependencies, so we shouldn't be installing them into
    the build container.
    
    We split the container used by `./scripts/container.sh` into two, a
    base, build container and then a container layered on top with dev
    dependencies.
    
    Functionally this should be a no-op since none of the dependencies are
    used at build time but it cuts down on the risk of malicious code
    injection.
    
    Fixes #921.
    
    (cherry picked from commit 3d533040e167f998b851f079adcb1d037b99bde0)
user@sd-dvm:~/securedrop-workstation$ git verify-commit 08f0c0fd9d6c6490d94df35145d0d9c60c14ca64
gpg: Signature made Tue Nov 28 13:52:27 2023 EST
gpg:                using RSA key A05ACE4F7E0BCA9BAD8D42F4ACFE4353173015EA
gpg: Good signature from "Kevin O'Gorman <kog@stunbunny.org>" [unknown]
gpg:                 aka "Kevin O'Gorman <kog@freedom.press>" [unknown]
gpg:                 aka "Kevin O'Gorman <kevin.ogorman@gmail.com>" [unknown]
gpg: WARNING: This key is not certified with a trusted signature!
gpg:          There is no indication that the signature belongs to the owner.
Primary key fingerprint: A05A CE4F 7E0B CA9B AD8D  42F4 ACFE 4353 1730 15EA
user@sd-dvm:~/securedrop-workstation$ make build-rpms
grep: /etc/fedora-release: No such file or directory
make: *** No rule to make target 'build-rpms'.  Stop.
user@sd-dvm:~/securedrop-workstation$ lol
bash: lol: command not found
user@sd-dvm:~/securedrop-workstation$ make build-rpm 
grep: /etc/fedora-release: No such file or directory
USE_BUILD_CONTAINER=true ./scripts/container.sh ./scripts/build-rpm.sh
[+] Building 142.5s (10/10) FINISHED                                                    docker:default
 => [internal] load build definition from Dockerfile                                              0.0s
 => => transferring dockerfile: 495B                                                              0.0s
 => [internal] load .dockerignore                                                                 0.1s
 => => transferring context: 2B                                                                   0.0s
 => [internal] load metadata for registry.fedoraproject.org/fedora:32                             0.6s
 => [1/5] FROM registry.fedoraproject.org/fedora:32@sha256:acc80ce6652d35f55ad220aa1cfa3787cbaf  15.5s
 => => resolve registry.fedoraproject.org/fedora:32@sha256:acc80ce6652d35f55ad220aa1cfa3787cbaf1  0.0s
 => => sha256:acc80ce6652d35f55ad220aa1cfa3787cbaf19b0016b202f1ab29dc5060f5392 1.22kB / 1.22kB    0.0s
 => => sha256:3eb61b62df959e1571a0952919bc2def05f14afc7920ca562f7b569de61d66e8 429B / 429B        0.0s
 => => sha256:27a9790209529e14132d05f032228f339a4fe1dd1e93a588f5af2c06c0234969 1.32kB / 1.32kB    0.0s
 => => sha256:480478cefb5d287032080377942da2c2ccb15cdcc5c45f3beb06aef1267bc8c 77.95MB / 77.95MB  12.9s
 => => extracting sha256:480478cefb5d287032080377942da2c2ccb15cdcc5c45f3beb06aef1267bc8c4         2.5s
 => [internal] load build context                                                                 0.0s
 => => transferring context: 8.48kB                                                               0.0s
 => [2/5] RUN dnf install -y make                                                                62.0s
 => [3/5] COPY Makefile Makefile                                                                  0.1s 
 => [4/5] RUN make install-deps                                                                  60.6s 
 => [5/5] RUN if test user != root ; then useradd --no-create-home --home-dir /tmp --uid 1000 us  0.5s 
 => exporting to image                                                                            3.0s 
 => => exporting layers                                                                           3.0s 
 => => writing image sha256:9c2e1548103a73b5816f628ca74d03111bec5fddf8d6810cea2773752aadb140      0.0s 
 => => naming to docker.io/library/securedrop-workstation-dom0-config                             0.0s 
Removing dist/                                                                                         
running sdist
running egg_info
creating securedrop_workstation_dom0_config.egg-info
writing securedrop_workstation_dom0_config.egg-info/PKG-INFO
writing dependency_links to securedrop_workstation_dom0_config.egg-info/dependency_links.txt
writing top-level names to securedrop_workstation_dom0_config.egg-info/top_level.txt
writing manifest file 'securedrop_workstation_dom0_config.egg-info/SOURCES.txt'
reading manifest file 'securedrop_workstation_dom0_config.egg-info/SOURCES.txt'
reading manifest template 'MANIFEST.in'
writing manifest file 'securedrop_workstation_dom0_config.egg-info/SOURCES.txt'
running check
creating securedrop-workstation-dom0-config-0.9.0rc2
creating securedrop-workstation-dom0-config-0.9.0rc2/dom0
creating securedrop-workstation-dom0-config-0.9.0rc2/files
creating securedrop-workstation-dom0-config-0.9.0rc2/launcher
creating securedrop-workstation-dom0-config-0.9.0rc2/launcher/sdw_notify
creating securedrop-workstation-dom0-config-0.9.0rc2/launcher/sdw_updater_gui
creating securedrop-workstation-dom0-config-0.9.0rc2/launcher/sdw_util
creating securedrop-workstation-dom0-config-0.9.0rc2/sd-app
creating securedrop-workstation-dom0-config-0.9.0rc2/sd-proxy
creating securedrop-workstation-dom0-config-0.9.0rc2/sd-whonix
creating securedrop-workstation-dom0-config-0.9.0rc2/sd-workstation
creating securedrop-workstation-dom0-config-0.9.0rc2/securedrop_workstation_dom0_config.egg-info
creating securedrop-workstation-dom0-config-0.9.0rc2/sys-firewall
creating securedrop-workstation-dom0-config-0.9.0rc2/usb-autoattach
copying files to securedrop-workstation-dom0-config-0.9.0rc2...
copying LICENSE -> securedrop-workstation-dom0-config-0.9.0rc2
copying MANIFEST.in -> securedrop-workstation-dom0-config-0.9.0rc2
copying README.md -> securedrop-workstation-dom0-config-0.9.0rc2
copying VERSION -> securedrop-workstation-dom0-config-0.9.0rc2
copying setup.py -> securedrop-workstation-dom0-config-0.9.0rc2
copying dom0/dom0-xfce-desktop-file.j2 -> securedrop-workstation-dom0-config-0.9.0rc2/dom0
copying dom0/fpf-apt-repo.sls -> securedrop-workstation-dom0-config-0.9.0rc2/dom0
copying dom0/remove-tags -> securedrop-workstation-dom0-config-0.9.0rc2/dom0
copying dom0/sd-app-config.sls -> securedrop-workstation-dom0-config-0.9.0rc2/dom0
copying dom0/sd-app-files.sls -> securedrop-workstation-dom0-config-0.9.0rc2/dom0
copying dom0/sd-app.sls -> securedrop-workstation-dom0-config-0.9.0rc2/dom0
copying dom0/sd-clean-all.sls -> securedrop-workstation-dom0-config-0.9.0rc2/dom0
copying dom0/sd-clean-default-dispvm.sls -> securedrop-workstation-dom0-config-0.9.0rc2/dom0
copying dom0/sd-default-config.sls -> securedrop-workstation-dom0-config-0.9.0rc2/dom0
copying dom0/sd-default-config.yml -> securedrop-workstation-dom0-config-0.9.0rc2/dom0
copying dom0/sd-devices-files.sls -> securedrop-workstation-dom0-config-0.9.0rc2/dom0
copying dom0/sd-devices.sls -> securedrop-workstation-dom0-config-0.9.0rc2/dom0
copying dom0/sd-dom0-crontab.sls -> securedrop-workstation-dom0-config-0.9.0rc2/dom0
copying dom0/sd-dom0-files.sls -> securedrop-workstation-dom0-config-0.9.0rc2/dom0
copying dom0/sd-dom0-qvm-rpc.sls -> securedrop-workstation-dom0-config-0.9.0rc2/dom0
copying dom0/sd-dom0-systemd.sls -> securedrop-workstation-dom0-config-0.9.0rc2/dom0
copying dom0/sd-gpg-files.sls -> securedrop-workstation-dom0-config-0.9.0rc2/dom0
copying dom0/sd-gpg.sls -> securedrop-workstation-dom0-config-0.9.0rc2/dom0
copying dom0/sd-log.sls -> securedrop-workstation-dom0-config-0.9.0rc2/dom0
copying dom0/sd-logging-setup.sls -> securedrop-workstation-dom0-config-0.9.0rc2/dom0
copying dom0/sd-mime-handling.sls -> securedrop-workstation-dom0-config-0.9.0rc2/dom0
copying dom0/sd-proxy-files.sls -> securedrop-workstation-dom0-config-0.9.0rc2/dom0
copying dom0/sd-proxy-template-files.sls -> securedrop-workstation-dom0-config-0.9.0rc2/dom0
copying dom0/sd-proxy.sls -> securedrop-workstation-dom0-config-0.9.0rc2/dom0
copying dom0/sd-remove-unused-templates.sls -> securedrop-workstation-dom0-config-0.9.0rc2/dom0
copying dom0/sd-rsyslog.conf.j2 -> securedrop-workstation-dom0-config-0.9.0rc2/dom0
copying dom0/sd-sys-vms.sls -> securedrop-workstation-dom0-config-0.9.0rc2/dom0
copying dom0/sd-sys-whonix-vms.sls -> securedrop-workstation-dom0-config-0.9.0rc2/dom0
copying dom0/sd-upgrade-templates.sls -> securedrop-workstation-dom0-config-0.9.0rc2/dom0
copying dom0/sd-usb-autoattach-add.sls -> securedrop-workstation-dom0-config-0.9.0rc2/dom0
copying dom0/sd-usb-autoattach-remove.sls -> securedrop-workstation-dom0-config-0.9.0rc2/dom0
copying dom0/sd-viewer-files.sls -> securedrop-workstation-dom0-config-0.9.0rc2/dom0
copying dom0/sd-viewer.sls -> securedrop-workstation-dom0-config-0.9.0rc2/dom0
copying dom0/sd-whonix-hidserv-key.sls -> securedrop-workstation-dom0-config-0.9.0rc2/dom0
copying dom0/sd-whonix.sls -> securedrop-workstation-dom0-config-0.9.0rc2/dom0
copying dom0/sd-workstation-template-files.sls -> securedrop-workstation-dom0-config-0.9.0rc2/dom0
copying dom0/sd-workstation-template.sls -> securedrop-workstation-dom0-config-0.9.0rc2/dom0
copying dom0/sd-workstation.top -> securedrop-workstation-dom0-config-0.9.0rc2/dom0
copying dom0/sdlog.conf -> securedrop-workstation-dom0-config-0.9.0rc2/dom0
copying dom0/securedrop-check-migration -> securedrop-workstation-dom0-config-0.9.0rc2/dom0
copying dom0/securedrop-handle-upgrade -> securedrop-workstation-dom0-config-0.9.0rc2/dom0
copying dom0/securedrop-launcher.desktop -> securedrop-workstation-dom0-config-0.9.0rc2/dom0
copying dom0/securedrop-login -> securedrop-workstation-dom0-config-0.9.0rc2/dom0
copying dom0/update-xfce-settings -> securedrop-workstation-dom0-config-0.9.0rc2/dom0
copying files/clean-salt -> securedrop-workstation-dom0-config-0.9.0rc2/files
copying files/config.json.example -> securedrop-workstation-dom0-config-0.9.0rc2/files
copying files/destroy-vm -> securedrop-workstation-dom0-config-0.9.0rc2/files
copying files/provision-all -> securedrop-workstation-dom0-config-0.9.0rc2/files
copying files/sdw-admin.py -> securedrop-workstation-dom0-config-0.9.0rc2/files
copying files/validate_config.py -> securedrop-workstation-dom0-config-0.9.0rc2/files
copying launcher/sdw-launcher.py -> securedrop-workstation-dom0-config-0.9.0rc2/launcher
copying launcher/sdw-notify.py -> securedrop-workstation-dom0-config-0.9.0rc2/launcher
copying launcher/sdw_notify/Notify.py -> securedrop-workstation-dom0-config-0.9.0rc2/launcher/sdw_notify
copying launcher/sdw_notify/NotifyApp.py -> securedrop-workstation-dom0-config-0.9.0rc2/launcher/sdw_notify
copying launcher/sdw_notify/strings.py -> securedrop-workstation-dom0-config-0.9.0rc2/launcher/sdw_notify
copying launcher/sdw_updater_gui/Updater.py -> securedrop-workstation-dom0-config-0.9.0rc2/launcher/sdw_updater_gui
copying launcher/sdw_updater_gui/UpdaterApp.py -> securedrop-workstation-dom0-config-0.9.0rc2/launcher/sdw_updater_gui
copying launcher/sdw_updater_gui/UpdaterAppUiQt5.py -> securedrop-workstation-dom0-config-0.9.0rc2/launcher/sdw_updater_gui
copying launcher/sdw_updater_gui/strings.py -> securedrop-workstation-dom0-config-0.9.0rc2/launcher/sdw_updater_gui
copying launcher/sdw_util/Util.py -> securedrop-workstation-dom0-config-0.9.0rc2/launcher/sdw_util
copying sd-app/config.json.j2 -> securedrop-workstation-dom0-config-0.9.0rc2/sd-app
copying sd-proxy/mimeapps.list -> securedrop-workstation-dom0-config-0.9.0rc2/sd-proxy
copying sd-proxy/sd-proxy.yaml -> securedrop-workstation-dom0-config-0.9.0rc2/sd-proxy
copying sd-whonix/app-journalist.yaml -> securedrop-workstation-dom0-config-0.9.0rc2/sd-whonix
copying sd-workstation/apt-test-pubkey.asc -> securedrop-workstation-dom0-config-0.9.0rc2/sd-workstation
copying sd-workstation/logo-small.png -> securedrop-workstation-dom0-config-0.9.0rc2/sd-workstation
copying sd-workstation/securedrop-release-signing-pubkey-2021.asc -> securedrop-workstation-dom0-config-0.9.0rc2/sd-workstation
copying securedrop_workstation_dom0_config.egg-info/PKG-INFO -> securedrop-workstation-dom0-config-0.9.0rc2/securedrop_workstation_dom0_config.egg-info
copying securedrop_workstation_dom0_config.egg-info/SOURCES.txt -> securedrop-workstation-dom0-config-0.9.0rc2/securedrop_workstation_dom0_config.egg-info
copying securedrop_workstation_dom0_config.egg-info/dependency_links.txt -> securedrop-workstation-dom0-config-0.9.0rc2/securedrop_workstation_dom0_config.egg-info
copying securedrop_workstation_dom0_config.egg-info/top_level.txt -> securedrop-workstation-dom0-config-0.9.0rc2/securedrop_workstation_dom0_config.egg-info
copying sys-firewall/sd-copy-rpm-repo-pubkey.sh -> securedrop-workstation-dom0-config-0.9.0rc2/sys-firewall
copying usb-autoattach/99-sd-devices.rules -> securedrop-workstation-dom0-config-0.9.0rc2/usb-autoattach
copying usb-autoattach/sd-attach-export-device -> securedrop-workstation-dom0-config-0.9.0rc2/usb-autoattach
Writing securedrop-workstation-dom0-config-0.9.0rc2/setup.cfg
creating dist
Creating tar archive
removing 'securedrop-workstation-dom0-config-0.9.0rc2' (and everything under it)
find: ‘debug’: No such file or directory

Build complete! RPMs and their checksums are:

ca778deb99509924abbaced3d5620d2e471b27fc93fdc2620466f6f60c138acc  rpm-build/RPMS/noarch/securedrop-workstation-dom0-config-0.9.0rc2-1.fc32.noarch.rpm

