user@build-apr28:~/securedrop-debian-packaging$ git status
On branch pip-mirror-sdk
nothing to commit, working tree clean
user@build-apr28:~/securedrop-debian-packaging$ PKG_DIR=~/securedrop-client make build-wheels
./scripts/verify-sha256sum-signature
gpg: key 310F561200F4AD77: public key "SecureDrop Release Signing Key" imported
gpg: Total number processed: 1
gpg:               imported: 1
gpg: Signature made Wed 01 Apr 2020 05:10:41 PM EDT
gpg:                using RSA key 22245C81E3BAEB4138B36061310F561200F4AD77
gpg: Good signature from "SecureDrop Release Signing Key" [unknown]
gpg:                 aka "SecureDrop Release Signing Key <securedrop-release-key@freedom.press>" [unknown]
gpg: WARNING: This key is not certified with a trusted signature!
gpg:          There is no indication that the signature belongs to the owner.
Primary key fingerprint: 2224 5C81 E3BA EB41 38B3  6061 310F 5612 00F4 AD77
Checking that SHA256SUMs from mirror match signed file...  OK
./scripts/build-sync-wheels -p /home/user/securedrop-client
Collecting alembic==1.0.2 (from -r /home/user/securedrop-client/requirements.txt (line 7))
  Using cached https://files.pythonhosted.org/packages/c0/f3/e60af9a36ae3b8cafabc7e0834d8df6a2965b3feecf27b9b11352dc05dd4/alembic-1.0.2.tar.gz
  Saved /tmp/tmpsi088lox/alembic-1.0.2.tar.gz
Collecting arrow==0.12.1 (from -r /home/user/securedrop-client/requirements.txt (line 10))
  Using cached https://files.pythonhosted.org/packages/e0/86/4eb5228a43042e9a80fe8c84093a8a36f5db34a3767ebd5e1e7729864e7b/arrow-0.12.1.tar.gz
  Saved /tmp/tmpsi088lox/arrow-0.12.1.tar.gz
Collecting certifi==2018.10.15 (from -r /home/user/securedrop-client/requirements.txt (line 13))
  Using cached https://files.pythonhosted.org/packages/41/b6/4f0cefba47656583217acd6cd797bc2db1fede0d53090fdc28ad2c8e0716/certifi-2018.10.15.tar.gz
  Saved /tmp/tmpsi088lox/certifi-2018.10.15.tar.gz
Collecting chardet==3.0.4 (from -r /home/user/securedrop-client/requirements.txt (line 17))
  Using cached https://files.pythonhosted.org/packages/fc/bb/a5768c230f9ddb03acc9ef3f0d4a3cf93462473795d18e9535498c8f929d/chardet-3.0.4.tar.gz
  Saved /tmp/tmpsi088lox/chardet-3.0.4.tar.gz
Collecting idna==2.7 (from -r /home/user/securedrop-client/requirements.txt (line 21))
  Using cached https://files.pythonhosted.org/packages/65/c4/80f97e9c9628f3cac9b98bfca0402ede54e0563b56482e3e6e45c43c4935/idna-2.7.tar.gz
  Saved /tmp/tmpsi088lox/idna-2.7.tar.gz
Collecting mako==1.0.7 (from -r /home/user/securedrop-client/requirements.txt (line 25))
  Using cached https://files.pythonhosted.org/packages/eb/f3/67579bb486517c0d49547f9697e36582cd19dafb5df9e687ed8e22de57fa/Mako-1.0.7.tar.gz
  Saved /tmp/tmpsi088lox/Mako-1.0.7.tar.gz
Collecting markupsafe==1.1.1 (from -r /home/user/securedrop-client/requirements.txt (line 28))
  Using cached https://files.pythonhosted.org/packages/b9/2e/64db92e53b86efccfaea71321f597fa2e1b2bd3853d8ce658568f7a13094/MarkupSafe-1.1.1.tar.gz
  Saved /tmp/tmpsi088lox/MarkupSafe-1.1.1.tar.gz
Collecting pathlib2==2.3.2 (from -r /home/user/securedrop-client/requirements.txt (line 63))
  Using cached https://files.pythonhosted.org/packages/db/a8/7d6439c1aec525ed70810abee5b7d7f3aa35347f59bc28343e8f62019aa2/pathlib2-2.3.2.tar.gz
  Saved /tmp/tmpsi088lox/pathlib2-2.3.2.tar.gz
Collecting python-dateutil==2.7.5 (from -r /home/user/securedrop-client/requirements.txt (line 67))
  Using cached https://files.pythonhosted.org/packages/0e/01/68747933e8d12263d41ce08119620d9a7e5eb72c876a3442257f74490da0/python-dateutil-2.7.5.tar.gz
  Saved /tmp/tmpsi088lox/python-dateutil-2.7.5.tar.gz
  Installing build dependencies ... done
Collecting python-editor==1.0.3 (from -r /home/user/securedrop-client/requirements.txt (line 71))
  Using cached https://files.pythonhosted.org/packages/65/1e/adf6e000ea5dc909aa420352d6ba37f16434c8a3c2fa030445411a1ed545/python-editor-1.0.3.tar.gz
  Saved /tmp/tmpsi088lox/python-editor-1.0.3.tar.gz
Collecting requests==2.20.0 (from -r /home/user/securedrop-client/requirements.txt (line 74))
  Using cached https://files.pythonhosted.org/packages/97/10/92d25b93e9c266c94b76a5548f020f3f1dd0eb40649cb1993532c0af8f4c/requests-2.20.0.tar.gz
  Saved /tmp/tmpsi088lox/requests-2.20.0.tar.gz
Collecting securedrop-sdk==0.1.0 (from -r /home/user/securedrop-client/requirements.txt (line 78))
  Using cached https://files.pythonhosted.org/packages/70/d0/7975420c143f970a90b98199c408d584e9ed60e3561628138a28addc3fca/securedrop-sdk-0.1.0.tar.gz
  Saved /tmp/tmpsi088lox/securedrop-sdk-0.1.0.tar.gz
Collecting six==1.11.0 (from -r /home/user/securedrop-client/requirements.txt (line 81))
  Using cached https://files.pythonhosted.org/packages/16/d8/bc6316cf98419719bd59c91742194c111b6f2e85abac88e496adefaf7afe/six-1.11.0.tar.gz
  Saved /tmp/tmpsi088lox/six-1.11.0.tar.gz
Collecting sqlalchemy==1.3.3 (from -r /home/user/securedrop-client/requirements.txt (line 85))
  Using cached https://files.pythonhosted.org/packages/2b/b2/e6f5c5efc68942edefaa924e8fbea0b32375baa434a511cbf6bb17769cf6/SQLAlchemy-1.3.3.tar.gz
  Saved /tmp/tmpsi088lox/SQLAlchemy-1.3.3.tar.gz
Collecting urllib3==1.24.3 (from -r /home/user/securedrop-client/requirements.txt (line 88))
  Using cached https://files.pythonhosted.org/packages/8a/3c/1bb7ef6c435dea026f06ed9f3ba16aa93f9f4f5d3857a51a35dfa00882f1/urllib3-1.24.3.tar.gz
  Saved /tmp/tmpsi088lox/urllib3-1.24.3.tar.gz
Successfully downloaded alembic arrow certifi chardet idna mako markupsafe pathlib2 python-dateutil python-editor requests securedrop-sdk six sqlalchemy urllib3
Looking in links: /tmp/tmpsi088lox
Collecting alembic==1.0.2 (from -r /home/user/securedrop-client/requirements.txt (line 7))
Collecting arrow==0.12.1 (from -r /home/user/securedrop-client/requirements.txt (line 10))
Collecting certifi==2018.10.15 (from -r /home/user/securedrop-client/requirements.txt (line 13))
Collecting chardet==3.0.4 (from -r /home/user/securedrop-client/requirements.txt (line 17))
Collecting idna==2.7 (from -r /home/user/securedrop-client/requirements.txt (line 21))
Collecting mako==1.0.7 (from -r /home/user/securedrop-client/requirements.txt (line 25))
Collecting markupsafe==1.1.1 (from -r /home/user/securedrop-client/requirements.txt (line 28))
Collecting pathlib2==2.3.2 (from -r /home/user/securedrop-client/requirements.txt (line 63))
Collecting python-dateutil==2.7.5 (from -r /home/user/securedrop-client/requirements.txt (line 67))
  Installing build dependencies ... done
Collecting python-editor==1.0.3 (from -r /home/user/securedrop-client/requirements.txt (line 71))
Collecting requests==2.20.0 (from -r /home/user/securedrop-client/requirements.txt (line 74))
Collecting securedrop-sdk==0.1.0 (from -r /home/user/securedrop-client/requirements.txt (line 78))
Collecting six==1.11.0 (from -r /home/user/securedrop-client/requirements.txt (line 81))
Collecting sqlalchemy==1.3.3 (from -r /home/user/securedrop-client/requirements.txt (line 85))
Collecting urllib3==1.24.3 (from -r /home/user/securedrop-client/requirements.txt (line 88))
Building wheels for collected packages: alembic, arrow, certifi, chardet, idna, mako, markupsafe, pathlib2, python-dateutil, python-editor, requests, securedrop-sdk, six, sqlalchemy, urllib3
  Running setup.py bdist_wheel for alembic ... done
  Stored in directory: /tmp/tmpsi088lox
  Running setup.py bdist_wheel for arrow ... done
  Stored in directory: /tmp/tmpsi088lox
  Running setup.py bdist_wheel for certifi ... done
  Stored in directory: /tmp/tmpsi088lox
  Running setup.py bdist_wheel for chardet ... done
  Stored in directory: /tmp/tmpsi088lox
  Running setup.py bdist_wheel for idna ... done
  Stored in directory: /tmp/tmpsi088lox
  Running setup.py bdist_wheel for mako ... done
  Stored in directory: /tmp/tmpsi088lox
  Running setup.py bdist_wheel for markupsafe ... done
  Stored in directory: /tmp/tmpsi088lox
  Running setup.py bdist_wheel for pathlib2 ... done
  Stored in directory: /tmp/tmpsi088lox
  Running setup.py bdist_wheel for python-dateutil ... done
  Stored in directory: /tmp/tmpsi088lox
  Running setup.py bdist_wheel for python-editor ... done
  Stored in directory: /tmp/tmpsi088lox
  Running setup.py bdist_wheel for requests ... done
  Stored in directory: /tmp/tmpsi088lox
  Running setup.py bdist_wheel for securedrop-sdk ... done
  Stored in directory: /tmp/tmpsi088lox
  Running setup.py bdist_wheel for six ... done
  Stored in directory: /tmp/tmpsi088lox
  Running setup.py bdist_wheel for sqlalchemy ... done
  Stored in directory: /tmp/tmpsi088lox
  Running setup.py bdist_wheel for urllib3 ... done
  Stored in directory: /tmp/tmpsi088lox
Successfully built alembic arrow certifi chardet idna mako markupsafe pathlib2 python-dateutil python-editor requests securedrop-sdk six sqlalchemy urllib3
Copying securedrop-sdk-0.1.0.tar.gz to cache ./localwheels
Copying MarkupSafe-1.1.1-cp37-cp37m-linux_x86_64.whl to cache ./localwheels
Copying securedrop_sdk-0.1.0-py3-none-any.whl to cache ./localwheels
./scripts/sync-sha256sums
Now you must sign the generated sha256sums.txt file.gpg: no default secret key: No secret key
gpg: signing failed: No secret key
make: *** [Makefile:43: build-wheels] Error 2
user@build-apr28:~/securedrop-debian-packaging$ shasum -a 256 localwheels/securedrop-sdk-0.1.0.tar.gz 
970fde25e6238e1808ac120951ee972549f4cd7952966dfe29f731bb308cc0d8  localwheels/securedrop-sdk-0.1.0.tar.gz
user@build-apr28:~/securedrop-debian-packaging$ shasum -a 256 localwheels/securedrop_sdk-0.1.0-py3-none-any.whl 
488417f9f08e4c432c81348dfbd5da0e756ded1737ba58b2ffc8f0e703abc1cb  localwheels/securedrop_sdk-0.1.0-py3-none-any.whl
user@build-apr28:~/securedrop-debian-packaging$ rm localwheels/MarkupSafe-1.1.1-cp37-cp37m-linux_x86_64.whl 
user@build-apr28:~/securedrop-debian-packaging$ git diff sha256sums.txt
diff --git a/sha256sums.txt b/sha256sums.txt
index 8a16585..2d90726 100644
--- a/sha256sums.txt
+++ b/sha256sums.txt
@@ -14,6 +14,7 @@ fdcaedc1fb19a63d7d875b0105b0a5b496dd0989330d454a42bcb401fa5454ec  furl-2.0.0.tar
 4e02fde57bd4abb5ec400181e4c314f56ac3e49ba4fb8b0d50bba18cb27d25ae  Mako-1.0.7.tar.gz
 c6b726d2e9d6300a044cf6a37627f10994268d6ac39464bc0d725126609311a5  MarkupSafe-1.0-py3-none-any.whl
 a6be69091dac236ea9c6bc7d012beab42010fa914c459791d627dad4910eb665  MarkupSafe-1.0.tar.gz
+b70dd825f7382ec98cf68f67a44213f39b424557a8ed547852e4552c242f6e32  MarkupSafe-1.1.1-cp37-cp37m-linux_x86_64.whl
 1733a3715d37d075d79b6fe1c2e1055e8cf471fd7da53cdd284de09782bf75d1  MarkupSafe-1.1.1-py3-none-any.whl
 29872e92839765e546828bb7754a68c418d927cd064fd4708fab9fe9c8bb116b  MarkupSafe-1.1.1.tar.gz
 51efddca0b4ae6d885bbafd8ca44e51758166c144cf006dbead5c9394b2a9eae  orderedmultidict-1.0-py3-none-any.whl
@@ -36,6 +37,8 @@ d05bb78652c8771e6aa1aefcd76ade1fef08c563d2641acbc5ac8e1d635e6a53  securedrop_sdk
 b5ddca26ce87d4007db5d64fe77d44b4086a902c3f79e69fb9a81343c81ce278  securedrop-sdk-0.0.12.tar.gz
 c8d98208fb2074336c06be3fef0994a8a57fde7a765cead12bc36e9128d319e2  securedrop_sdk-0.0.13-py3-none-any.whl
 7763bb44755bdfc387ab6c002cbe49eeec2611feb04a8787c3c9f2aa48a1ee5f  securedrop-sdk-0.0.13.tar.gz
+488417f9f08e4c432c81348dfbd5da0e756ded1737ba58b2ffc8f0e703abc1cb  securedrop_sdk-0.1.0-py3-none-any.whl
+970fde25e6238e1808ac120951ee972549f4cd7952966dfe29f731bb308cc0d8  securedrop-sdk-0.1.0.tar.gz
 aa4ad34049ddff178b533062797fd1db9f0038b7c5c2461a7cde2244300b9f3d  six-1.11.0-py2.py3-none-any.whl
 70e8a77beed4562e7f14fe23a786b54f6296e34344c23bc42f07b15018ff98e9  six-1.11.0.tar.gz
 bfb4cd0df5802a01acd738a080a19e60ff4700e030d497de273807f9a8bd4a0a  SQLAlchemy-1.3.3-cp37-cp37m-linux_x86_64.whl
user@build-apr28:~/securedrop-debian-packaging$ vi sha256sums.txt
user@build-apr28:~/securedrop-debian-packaging$ git diff sha256sums.txt
diff --git a/sha256sums.txt b/sha256sums.txt
index 8a16585..489450e 100644
--- a/sha256sums.txt
+++ b/sha256sums.txt
@@ -36,6 +36,8 @@ d05bb78652c8771e6aa1aefcd76ade1fef08c563d2641acbc5ac8e1d635e6a53  securedrop_sdk
 b5ddca26ce87d4007db5d64fe77d44b4086a902c3f79e69fb9a81343c81ce278  securedrop-sdk-0.0.12.tar.gz
 c8d98208fb2074336c06be3fef0994a8a57fde7a765cead12bc36e9128d319e2  securedrop_sdk-0.0.13-py3-none-any.whl
 7763bb44755bdfc387ab6c002cbe49eeec2611feb04a8787c3c9f2aa48a1ee5f  securedrop-sdk-0.0.13.tar.gz
+488417f9f08e4c432c81348dfbd5da0e756ded1737ba58b2ffc8f0e703abc1cb  securedrop_sdk-0.1.0-py3-none-any.whl
+970fde25e6238e1808ac120951ee972549f4cd7952966dfe29f731bb308cc0d8  securedrop-sdk-0.1.0.tar.gz
 aa4ad34049ddff178b533062797fd1db9f0038b7c5c2461a7cde2244300b9f3d  six-1.11.0-py2.py3-none-any.whl
 70e8a77beed4562e7f14fe23a786b54f6296e34344c23bc42f07b15018ff98e9  six-1.11.0.tar.gz
 bfb4cd0df5802a01acd738a080a19e60ff4700e030d497de273807f9a8bd4a0a  SQLAlchemy-1.3.3-cp37-cp37m-linux_x86_64.whl

