user@builder-disposable:~/securedrop-proxy$ git checkout pyyaml-531 
Branch 'pyyaml-531' set up to track remote branch 'pyyaml-531' from 'origin'.
Switched to a new branch 'pyyaml-531'
user@builder-disposable:~/securedrop-proxy$ cat requirements.txt 
#
# This file is autogenerated by pip-compile
# To update, run:
#
#    pip-compile --generate-hashes --output-file=requirements.txt requirements.in
#
certifi==2018.10.15 \
    --hash=sha256:339dc09518b07e2fa7eda5450740925974815557727d6bd35d319c1524a04a4c \
    --hash=sha256:6d58c986d22b038c8c0df30d639f23a3e6d172a05c3583e766f4c0b785c0986a
chardet==3.0.4 \
    --hash=sha256:84ab92ed1c4d4f16916e05906b6b75a6c0fb5db821cc65e70cbd64a3e2a5eaae \
    --hash=sha256:fc323ffcaeaed0e0a02bf4d117757b98aed530d9ed4531e3e15460124c106691
furl==2.0.0 \
    --hash=sha256:f7e90e9f85ef3f2e64485f04c2a80b50af6133942812fd87a44d45305b079018 \
    --hash=sha256:fdcaedc1fb19a63d7d875b0105b0a5b496dd0989330d454a42bcb401fa5454ec
idna==2.7 \
    --hash=sha256:156a6814fb5ac1fc6850fb002e0852d56c0c8d2531923a51032d1b70760e186e \
    --hash=sha256:684a38a6f903c1d71d6d5fac066b58d7768af4de2b832e426ec79c30daa94a16
orderedmultidict==1.0 \
    --hash=sha256:24e3b730cf84e4a6a68be5cc760864905cf66abc89851e724bd5b4e849eaa96b \
    --hash=sha256:b89895ba6438038d0bdf88020ceff876cf3eae0d5c66a69b526fab31125db2c5
pyyaml==5.3.1 \
    --hash=sha256:06a0d7ba600ce0b2d2fe2e78453a470b5a6e000a985dd4a4e54e436cc36b0e97 \
    --hash=sha256:240097ff019d7c70a4922b6869d8a86407758333f02203e0fc6ff79c5dcede76 \
    --hash=sha256:4f4b913ca1a7319b33cfb1369e91e50354d6f07a135f3b901aca02aa95940bd2 \
    --hash=sha256:69f00dca373f240f842b2931fb2c7e14ddbacd1397d57157a9b005a6a9942648 \
    --hash=sha256:73f099454b799e05e5ab51423c7bcf361c58d3206fa7b0d555426b1f4d9a3eaf \
    --hash=sha256:74809a57b329d6cc0fdccee6318f44b9b8649961fa73144a98735b0aaf029f1f \
    --hash=sha256:7739fc0fa8205b3ee8808aea45e968bc90082c10aef6ea95e855e10abf4a37b2 \
    --hash=sha256:95f71d2af0ff4227885f7a6605c37fd53d3a106fcab511b8860ecca9fcf400ee \
    --hash=sha256:b8eac752c5e14d3eca0e6dd9199cd627518cb5ec06add0de9d32baeee6fe645d \
    --hash=sha256:cc8955cfbfc7a115fa81d85284ee61147059a753344bc51098f3ccd69b0d7e0c \
    --hash=sha256:d13155f591e6fcc1ec3b30685d50bf0711574e2c0dfffd7644babf8b5102ca1a
requests==2.20.0 \
    --hash=sha256:99dcfdaaeb17caf6e526f32b6a7b780461512ab3f1d992187801694cba42770c \
    --hash=sha256:a84b8c9ab6239b578f22d1c21d51b696dcfe004032bb80ea832398d6909d7279
six==1.11.0 \
    --hash=sha256:70e8a77beed4562e7f14fe23a786b54f6296e34344c23bc42f07b15018ff98e9 \
    --hash=sha256:832dc0e10feb1aa2c68dcc57dbb658f1c7e65b9b61af69048abc87a2db00a0eb
urllib3==1.24.3 \
    --hash=sha256:2393a695cd12afedd0dcb26fe5d50d0cf248e5a66f75dbd89a3d4eb333a61af4 \
    --hash=sha256:a637e5fae88995b256e3409dc4d52c2e2e0ba32c42a6365fee8bbd2238de3cfb
werkzeug==0.16.0 \
    --hash=sha256:7280924747b5733b246fe23972186c6b348f9ae29724135a6dfc1e53cea433e7 \
    --hash=sha256:e5f4a1f98b52b18a93da705a7458e55afb26f32bff83ff5d19189f92462d65c4
user@builder-disposable:~/securedrop-proxy$ cd ../securedrop-debian-packaging/
user@builder-disposable:~/securedrop-debian-packaging$ PKG_DIR=/home/user/securedrop-proxy/ make build-wheels
./scripts/verify-sha256sum-signature
gpg: key 310F561200F4AD77: public key "SecureDrop Release Signing Key" imported
gpg: Total number processed: 1
gpg:               imported: 1
gpg: Signature made Thu 12 Mar 2020 02:22:58 PM EDT
gpg:                using RSA key 22245C81E3BAEB4138B36061310F561200F4AD77
gpg: Good signature from "SecureDrop Release Signing Key" [unknown]
gpg:                 aka "SecureDrop Release Signing Key <securedrop-release-key@freedom.press>" [unknown]
gpg: WARNING: This key is not certified with a trusted signature!
gpg:          There is no indication that the signature belongs to the owner.
Primary key fingerprint: 2224 5C81 E3BA EB41 38B3  6061 310F 5612 00F4 AD77
Checking that SHA256SUMs from mirror match signed file...  OK
./scripts/build-sync-wheels -p /home/user/securedrop-proxy/
Collecting certifi==2018.10.15 (from -r /home/user/securedrop-proxy/requirements.txt (line 7))
  Using cached https://files.pythonhosted.org/packages/41/b6/4f0cefba47656583217acd6cd797bc2db1fede0d53090fdc28ad2c8e0716/certifi-2018.10.15.tar.gz
  Saved /tmp/tmpxi5wuaa2/certifi-2018.10.15.tar.gz
Collecting chardet==3.0.4 (from -r /home/user/securedrop-proxy/requirements.txt (line 10))
  Using cached https://files.pythonhosted.org/packages/fc/bb/a5768c230f9ddb03acc9ef3f0d4a3cf93462473795d18e9535498c8f929d/chardet-3.0.4.tar.gz
  Saved /tmp/tmpxi5wuaa2/chardet-3.0.4.tar.gz
Collecting furl==2.0.0 (from -r /home/user/securedrop-proxy/requirements.txt (line 13))
  Using cached https://files.pythonhosted.org/packages/93/70/e266a29c3c1c9ec94d7fcb3232e0d77bfa04c281f44a9edeb9946a256d91/furl-2.0.0.tar.gz
  Saved /tmp/tmpxi5wuaa2/furl-2.0.0.tar.gz
Collecting idna==2.7 (from -r /home/user/securedrop-proxy/requirements.txt (line 16))
  Using cached https://files.pythonhosted.org/packages/65/c4/80f97e9c9628f3cac9b98bfca0402ede54e0563b56482e3e6e45c43c4935/idna-2.7.tar.gz
  Saved /tmp/tmpxi5wuaa2/idna-2.7.tar.gz
Collecting orderedmultidict==1.0 (from -r /home/user/securedrop-proxy/requirements.txt (line 19))
  Using cached https://files.pythonhosted.org/packages/19/67/2e1462785b84f40812e61d349f77063939f8f220345b0dfc26c4e3e07af0/orderedmultidict-1.0.tar.gz
  Saved /tmp/tmpxi5wuaa2/orderedmultidict-1.0.tar.gz
Collecting pyyaml==5.3.1 (from -r /home/user/securedrop-proxy/requirements.txt (line 22))
  Downloading https://files.pythonhosted.org/packages/64/c2/b80047c7ac2478f9501676c988a5411ed5572f35d1beff9cae07d321512c/PyYAML-5.3.1.tar.gz (269kB)
    100% || 276kB 2.9MB/s 
  Saved /tmp/tmpxi5wuaa2/PyYAML-5.3.1.tar.gz
Collecting requests==2.20.0 (from -r /home/user/securedrop-proxy/requirements.txt (line 34))
  Using cached https://files.pythonhosted.org/packages/97/10/92d25b93e9c266c94b76a5548f020f3f1dd0eb40649cb1993532c0af8f4c/requests-2.20.0.tar.gz
  Saved /tmp/tmpxi5wuaa2/requests-2.20.0.tar.gz
Collecting six==1.11.0 (from -r /home/user/securedrop-proxy/requirements.txt (line 37))
  Using cached https://files.pythonhosted.org/packages/16/d8/bc6316cf98419719bd59c91742194c111b6f2e85abac88e496adefaf7afe/six-1.11.0.tar.gz
  Saved /tmp/tmpxi5wuaa2/six-1.11.0.tar.gz
Collecting urllib3==1.24.3 (from -r /home/user/securedrop-proxy/requirements.txt (line 40))
  Using cached https://files.pythonhosted.org/packages/8a/3c/1bb7ef6c435dea026f06ed9f3ba16aa93f9f4f5d3857a51a35dfa00882f1/urllib3-1.24.3.tar.gz
  Saved /tmp/tmpxi5wuaa2/urllib3-1.24.3.tar.gz
Collecting werkzeug==0.16.0 (from -r /home/user/securedrop-proxy/requirements.txt (line 43))
  Using cached https://files.pythonhosted.org/packages/5e/fd/eb19e4f6a806cd6ee34900a687f181001c7a0059ff914752091aba84681f/Werkzeug-0.16.0.tar.gz
  Saved /tmp/tmpxi5wuaa2/Werkzeug-0.16.0.tar.gz
Successfully downloaded certifi chardet furl idna orderedmultidict pyyaml requests six urllib3 werkzeug
Looking in links: /tmp/tmpxi5wuaa2
Collecting certifi==2018.10.15 (from -r /home/user/securedrop-proxy/requirements.txt (line 7))
Collecting chardet==3.0.4 (from -r /home/user/securedrop-proxy/requirements.txt (line 10))
Collecting furl==2.0.0 (from -r /home/user/securedrop-proxy/requirements.txt (line 13))
Collecting idna==2.7 (from -r /home/user/securedrop-proxy/requirements.txt (line 16))
Collecting orderedmultidict==1.0 (from -r /home/user/securedrop-proxy/requirements.txt (line 19))
Collecting pyyaml==5.3.1 (from -r /home/user/securedrop-proxy/requirements.txt (line 22))
Collecting requests==2.20.0 (from -r /home/user/securedrop-proxy/requirements.txt (line 34))
Collecting six==1.11.0 (from -r /home/user/securedrop-proxy/requirements.txt (line 37))
Collecting urllib3==1.24.3 (from -r /home/user/securedrop-proxy/requirements.txt (line 40))
Collecting werkzeug==0.16.0 (from -r /home/user/securedrop-proxy/requirements.txt (line 43))
Building wheels for collected packages: certifi, chardet, furl, idna, orderedmultidict, pyyaml, requests, six, urllib3, werkzeug
  Running setup.py bdist_wheel for certifi ... done
  Stored in directory: /tmp/tmpxi5wuaa2
  Running setup.py bdist_wheel for chardet ... done
  Stored in directory: /tmp/tmpxi5wuaa2
  Running setup.py bdist_wheel for furl ... done
  Stored in directory: /tmp/tmpxi5wuaa2
  Running setup.py bdist_wheel for idna ... done
  Stored in directory: /tmp/tmpxi5wuaa2
  Running setup.py bdist_wheel for orderedmultidict ... done
  Stored in directory: /tmp/tmpxi5wuaa2
  Running setup.py bdist_wheel for pyyaml ... done
  Stored in directory: /tmp/tmpxi5wuaa2
  Running setup.py bdist_wheel for requests ... done
  Stored in directory: /tmp/tmpxi5wuaa2
  Running setup.py bdist_wheel for six ... done
  Stored in directory: /tmp/tmpxi5wuaa2
  Running setup.py bdist_wheel for urllib3 ... done
  Stored in directory: /tmp/tmpxi5wuaa2
  Running setup.py bdist_wheel for werkzeug ... done
  Stored in directory: /tmp/tmpxi5wuaa2
Successfully built certifi chardet furl idna orderedmultidict pyyaml requests six urllib3 werkzeug
Copying PyYAML-5.3.1-cp37-cp37m-linux_x86_64.whl to cache ./localwheels
Copying PyYAML-5.3.1.tar.gz to cache ./localwheels
./scripts/sync-sha256sums
Now you must sign the generated sha256sums.txt file.gpg: no default secret key: No secret key
gpg: signing failed: No secret key
make: *** [Makefile:47: build-wheels] Error 2
user@builder-disposable:~/securedrop-debian-packaging$ git diff
diff --git a/sha256sums.txt b/sha256sums.txt
index 7d494d9..8a16585 100644
--- a/sha256sums.txt
+++ b/sha256sums.txt
@@ -26,6 +26,8 @@ e47dcec4ea883853b8196fbd425b875d7ec791d4ede2e20cfc70b9a25365c65b  python_editor-
 a3c066acee22a1c94f63938341d4fb374e3fdd69366ed6603d7b24bed1efc565  python-editor-1.0.3.tar.gz
 59ff9ed67bd8be210f91fd20f0ef844ee897d11eb4c19c611a77a37896c124b9  PyYAML-5.1-cp37-cp37m-linux_x86_64.whl
 436bc774ecf7c103814098159fbb84c2715d25980175292c648f2da143909f95  PyYAML-5.1.tar.gz
+cb4442140d3195f5f799096aa35aadce15f493046135a03668023b80824dd44c  PyYAML-5.3.1-cp37-cp37m-linux_x86_64.whl
+b8eac752c5e14d3eca0e6dd9199cd627518cb5ec06add0de9d32baeee6fe645d  PyYAML-5.3.1.tar.gz
 022f124431ae16ee3a3a69c8016e3e2b057b4f4e0bfa7787b6271d893890c3cc  redis-3.3.11-py2.py3-none-any.whl
 8d0fc278d3f5e1249967cba2eb4a5632d19e45ce5c09442b8422d15ee2c22cc2  redis-3.3.11.tar.gz
 d87b2085783d31d874ac7bc62660e287932aaee7059e80b41b76462eb18d35cc  requests-2.20.0-py2.py3-none-any.whl
user@builder-disposable:~/securedrop-debian-packaging$ sha256sum localwheels/PyYAML-5.3.1*
cb4442140d3195f5f799096aa35aadce15f493046135a03668023b80824dd44c  localwheels/PyYAML-5.3.1-cp37-cp37m-linux_x86_64.whl
b8eac752c5e14d3eca0e6dd9199cd627518cb5ec06add0de9d32baeee6fe645d  localwheels/PyYAML-5.3.1.tar.gz

